D:/Dropbox/Actual/Drivers/Display/uTFT2/Driver/TFT_Driver.h:25:7:void TFT_Driver::init(TFT_LCD_t*)	16	static
D:/Dropbox/Actual/Drivers/Display/uTFT2/Driver/TFT_Driver.h:67:7:void TFT_Driver::Update()	16	static
D:/Dropbox/Actual/Drivers/Display/uTFT2/TFT.h:37:7:void TFT::init(TFT_LCD_t*)	16	static
D:/Dropbox/Actual/Drivers/Display/uTFT2/TFT.h:122:7:void TFT::SetFontColor(uint16_t, uint16_t)	16	static
D:/Dropbox/Actual/Drivers/Display/uTFT2/TFT.h:132:7:void TFT::GotoXY(int16_t, int16_t)	16	static
D:/Dropbox/Actual/Drivers/Display/uTFT2/FontClassic/FontClassic.h:38:20:char FontClassicPutc(TFT*, char, FontDef_t*, uint8_t)	40	static
D:/Dropbox/Actual/Drivers/Display/uTFT2/FontClassic/FontClassic.h:75:20:char FontClassicPuts(TFT*, char*, FontDef_t*, uint8_t)	24	static
../Core/Inc/ADS1243.h:47:16:unsigned char ADS1243::XferByte(uint8_t)	32	static
../Core/Inc/ADS1243.h:56:7:void ADS1243::readAllRegister()	16	static
D:/Dropbox/Actual/Drivers/libs/logUART/logUART.h:16:7:void classLog::init(UART_HandleTypeDef*)	16	static
D:/Dropbox/Actual/Drivers/libs/logUART/logUART.h:47:7:void classLog::println(const char*)	24	static
D:/Dropbox/Actual/Drivers/libs/logUART/logUART.h:87:7:void classLog::i(const char*)	16	static
../Core/Src/loop.cpp:40:17:void setup()	16	static
../Core/Src/loop.cpp:73:6:void loop()	8	static
D:/Dropbox/Actual/Drivers/libs/logUART/logUART.h:40:7:) [with Args = {unsigned char}]	32	static
